mode: set
processing/internal/delivery/http/account_handler.go:17.70,21.16 4 1
processing/internal/delivery/http/account_handler.go:21.16,24.3 2 1
processing/internal/delivery/http/account_handler.go:26.2,27.16 2 1
processing/internal/delivery/http/account_handler.go:27.16,30.3 2 1
processing/internal/delivery/http/account_handler.go:32.2,32.61 1 1
processing/internal/delivery/http/account_handler.go:32.61,34.3 1 0
processing/internal/delivery/http/account_handler.go:43.79,47.16 4 1
processing/internal/delivery/http/account_handler.go:47.16,50.3 2 1
processing/internal/delivery/http/account_handler.go:52.2,55.16 4 1
processing/internal/delivery/http/account_handler.go:55.16,59.3 3 1
processing/internal/delivery/http/account_handler.go:61.2,62.16 2 1
processing/internal/delivery/http/account_handler.go:62.16,66.3 3 1
processing/internal/delivery/http/account_handler.go:68.2,69.16 2 1
processing/internal/delivery/http/account_handler.go:69.16,72.3 2 1
processing/internal/delivery/http/account_handler.go:74.2,79.57 2 1
processing/internal/delivery/http/account_handler.go:79.57,81.3 1 0
processing/internal/delivery/http/auth_handler.go:17.68,23.61 5 1
processing/internal/delivery/http/auth_handler.go:23.61,26.3 2 1
processing/internal/delivery/http/auth_handler.go:28.2,28.32 1 1
processing/internal/delivery/http/auth_handler.go:28.32,30.3 1 1
processing/internal/delivery/http/auth_handler.go:32.2,33.16 2 1
processing/internal/delivery/http/auth_handler.go:33.16,36.3 2 1
processing/internal/delivery/http/auth_handler.go:38.2,39.16 2 1
processing/internal/delivery/http/auth_handler.go:39.16,42.3 2 1
processing/internal/delivery/http/auth_handler.go:44.2,49.17 3 1
processing/internal/delivery/http/auth_handler.go:49.17,51.3 1 0
processing/internal/delivery/http/auth_handler.go:54.65,60.61 5 1
processing/internal/delivery/http/auth_handler.go:60.61,63.3 2 1
processing/internal/delivery/http/auth_handler.go:65.2,65.29 1 1
processing/internal/delivery/http/auth_handler.go:65.29,67.3 1 1
processing/internal/delivery/http/auth_handler.go:69.2,70.16 2 1
processing/internal/delivery/http/auth_handler.go:70.16,73.3 2 1
processing/internal/delivery/http/auth_handler.go:75.2,77.59 3 1
processing/internal/delivery/http/auth_handler.go:77.59,79.3 1 0
processing/internal/delivery/http/auth_handler.go:82.67,87.16 5 1
processing/internal/delivery/http/auth_handler.go:87.16,89.3 1 1
processing/internal/delivery/http/auth_handler.go:89.8,93.62 2 1
processing/internal/delivery/http/auth_handler.go:93.62,95.4 1 1
processing/internal/delivery/http/auth_handler.go:97.2,98.24 2 1
processing/internal/delivery/http/auth_handler.go:98.24,101.3 2 1
processing/internal/delivery/http/auth_handler.go:103.2,104.16 2 1
processing/internal/delivery/http/auth_handler.go:104.16,107.3 2 1
processing/internal/delivery/http/auth_handler.go:109.2,111.59 3 1
processing/internal/delivery/http/auth_handler.go:111.59,113.3 1 0
processing/internal/delivery/http/auth_handler.go:116.66,121.16 5 1
processing/internal/delivery/http/auth_handler.go:121.16,123.3 1 1
processing/internal/delivery/http/auth_handler.go:123.8,127.62 2 1
processing/internal/delivery/http/auth_handler.go:127.62,130.4 2 1
processing/internal/delivery/http/auth_handler.go:131.3,131.34 1 1
processing/internal/delivery/http/auth_handler.go:133.2,134.24 2 1
processing/internal/delivery/http/auth_handler.go:134.24,137.3 2 1
processing/internal/delivery/http/auth_handler.go:139.2,139.61 1 1
processing/internal/delivery/http/auth_handler.go:139.61,141.3 1 1
processing/internal/delivery/http/auth_handler.go:142.2,144.93 3 1
processing/internal/delivery/http/auth_handler.go:144.93,146.3 1 0
processing/internal/delivery/http/auth_handler.go:149.69,154.9 4 1
processing/internal/delivery/http/auth_handler.go:154.9,157.3 2 1
processing/internal/delivery/http/auth_handler.go:159.2,160.16 2 1
processing/internal/delivery/http/auth_handler.go:160.16,163.3 2 1
processing/internal/delivery/http/auth_handler.go:165.2,165.54 1 1
processing/internal/delivery/http/auth_handler.go:165.54,167.3 1 1
processing/internal/delivery/http/auth_handler.go:168.2,170.93 3 1
processing/internal/delivery/http/auth_handler.go:170.93,172.3 1 0
processing/internal/delivery/http/handler.go:20.12,27.2 1 1
processing/internal/delivery/http/helpers.go:18.80,20.16 2 1
processing/internal/delivery/http/helpers.go:20.16,22.3 1 1
processing/internal/delivery/http/helpers.go:23.2,24.16 2 1
processing/internal/delivery/http/helpers.go:24.16,26.3 1 0
processing/internal/delivery/http/helpers.go:28.2,32.16 4 1
processing/internal/delivery/http/helpers.go:32.16,34.3 1 1
processing/internal/delivery/http/helpers.go:35.2,36.16 2 1
processing/internal/delivery/http/helpers.go:36.16,38.3 1 0
processing/internal/delivery/http/helpers.go:40.2,41.16 2 1
processing/internal/delivery/http/helpers.go:41.16,43.3 1 0
processing/internal/delivery/http/helpers.go:45.2,46.16 2 1
processing/internal/delivery/http/helpers.go:46.16,48.3 1 0
processing/internal/delivery/http/helpers.go:50.2,59.8 1 1
processing/internal/delivery/http/helpers.go:62.65,64.15 2 1
processing/internal/delivery/http/helpers.go:64.15,66.3 1 1
processing/internal/delivery/http/helpers.go:68.2,69.16 2 1
processing/internal/delivery/http/helpers.go:69.16,71.3 1 1
processing/internal/delivery/http/helpers.go:72.2,72.16 1 1
processing/internal/delivery/http/helpers.go:75.65,77.15 2 1
processing/internal/delivery/http/helpers.go:77.15,79.3 1 1
processing/internal/delivery/http/helpers.go:81.2,82.16 2 1
processing/internal/delivery/http/helpers.go:82.16,84.3 1 0
processing/internal/delivery/http/helpers.go:86.2,86.15 1 1
processing/internal/delivery/http/helpers.go:89.28,101.2 3 1
processing/internal/delivery/http/helpers.go:105.71,109.15 3 1
processing/internal/delivery/http/helpers.go:109.15,115.3 2 1
processing/internal/delivery/http/helpers.go:116.2,116.69 1 1
processing/internal/delivery/http/helpers.go:119.62,121.56 2 1
processing/internal/delivery/http/helpers.go:121.56,125.3 3 0
processing/internal/delivery/http/helpers.go:126.2,129.12 4 1
processing/internal/delivery/http/helpers.go:132.81,142.2 1 1
processing/internal/delivery/http/helpers.go:144.63,147.22 2 1
processing/internal/delivery/http/helpers.go:147.22,150.3 2 1
processing/internal/delivery/http/helpers.go:152.2,152.25 1 1
processing/internal/delivery/http/helpers.go:152.25,155.3 2 1
processing/internal/delivery/http/helpers.go:157.2,159.34 3 1
processing/internal/delivery/http/helpers.go:159.34,166.3 2 1
processing/internal/delivery/http/helpers.go:168.2,168.28 1 1
processing/internal/delivery/http/helpers.go:168.28,171.3 2 1
processing/internal/delivery/http/helpers.go:173.2,173.13 1 1
processing/internal/delivery/http/helpers.go:176.66,180.21 3 1
processing/internal/delivery/http/helpers.go:180.21,183.3 2 1
processing/internal/delivery/http/helpers.go:185.2,185.22 1 1
processing/internal/delivery/http/helpers.go:185.22,188.3 2 1
processing/internal/delivery/http/helpers.go:190.2,190.25 1 1
processing/internal/delivery/http/helpers.go:190.25,193.3 2 1
processing/internal/delivery/http/helpers.go:195.2,195.24 1 1
processing/internal/delivery/http/helpers.go:195.24,198.3 2 1
processing/internal/delivery/http/helpers.go:200.2,202.34 3 1
processing/internal/delivery/http/helpers.go:202.34,209.3 2 1
processing/internal/delivery/http/helpers.go:211.2,211.28 1 1
processing/internal/delivery/http/helpers.go:211.28,214.3 2 1
processing/internal/delivery/http/helpers.go:216.2,216.13 1 1
processing/internal/delivery/http/transaction_handler.go:19.68,26.61 6 1
processing/internal/delivery/http/transaction_handler.go:26.61,29.3 2 1
processing/internal/delivery/http/transaction_handler.go:31.2,32.16 2 1
processing/internal/delivery/http/transaction_handler.go:32.16,35.3 2 1
processing/internal/delivery/http/transaction_handler.go:37.2,38.16 2 1
processing/internal/delivery/http/transaction_handler.go:38.16,41.3 2 1
processing/internal/delivery/http/transaction_handler.go:43.2,43.68 1 1
processing/internal/delivery/http/transaction_handler.go:43.68,45.3 1 0
processing/internal/delivery/http/transaction_handler.go:55.74,59.16 4 1
processing/internal/delivery/http/transaction_handler.go:59.16,62.3 2 1
processing/internal/delivery/http/transaction_handler.go:64.2,65.61 2 1
processing/internal/delivery/http/transaction_handler.go:65.61,68.3 2 1
processing/internal/delivery/http/transaction_handler.go:69.2,72.16 3 1
processing/internal/delivery/http/transaction_handler.go:72.16,75.3 2 1
processing/internal/delivery/http/transaction_handler.go:77.2,77.65 1 1
processing/internal/delivery/http/transaction_handler.go:77.65,79.3 1 0
processing/internal/delivery/http/transaction_handler.go:86.77,91.61 4 1
processing/internal/delivery/http/transaction_handler.go:91.61,94.3 2 1
processing/internal/delivery/http/transaction_handler.go:96.2,99.16 4 1
processing/internal/delivery/http/transaction_handler.go:99.16,102.3 2 1
processing/internal/delivery/http/transaction_handler.go:104.2,105.16 2 1
processing/internal/delivery/http/transaction_handler.go:105.16,108.3 2 1
processing/internal/delivery/http/transaction_handler.go:110.2,110.66 1 1
processing/internal/delivery/http/transaction_handler.go:110.66,112.3 1 0
processing/internal/infrastructure/storage/helper.go:13.113,19.34 4 0
processing/internal/infrastructure/storage/helper.go:19.34,23.3 3 0
processing/internal/infrastructure/storage/helper.go:25.2,25.33 1 0
processing/internal/infrastructure/storage/helper.go:25.33,29.3 3 0
processing/internal/infrastructure/storage/helper.go:31.2,31.35 1 0
processing/internal/infrastructure/storage/helper.go:31.35,35.3 3 0
processing/internal/infrastructure/storage/helper.go:37.2,37.28 1 0
processing/internal/infrastructure/storage/helper.go:37.28,39.17 2 0
processing/internal/infrastructure/storage/helper.go:39.17,42.4 2 0
processing/internal/infrastructure/storage/helper.go:43.3,45.15 3 0
processing/internal/infrastructure/storage/helper.go:48.2,48.28 1 0
processing/internal/infrastructure/storage/helper.go:48.28,50.17 2 0
processing/internal/infrastructure/storage/helper.go:50.17,53.4 2 0
processing/internal/infrastructure/storage/helper.go:54.3,56.15 3 0
processing/internal/infrastructure/storage/helper.go:59.2,59.27 1 0
processing/internal/infrastructure/storage/helper.go:59.27,63.3 3 0
processing/internal/infrastructure/storage/helper.go:65.2,65.25 1 0
processing/internal/infrastructure/storage/helper.go:65.25,69.3 3 0
processing/internal/infrastructure/storage/helper.go:71.2,73.22 2 0
processing/internal/infrastructure/storage/helper.go:73.22,77.3 3 0
processing/internal/infrastructure/storage/helper.go:79.2,79.23 1 0
processing/internal/infrastructure/storage/helper.go:79.23,82.3 2 0
processing/internal/infrastructure/storage/helper.go:84.2,84.20 1 0
processing/internal/infrastructure/storage/storage.go:45.58,45.79 1 0
processing/internal/infrastructure/storage/storage.go:46.58,46.74 1 0
processing/internal/infrastructure/storage/storage.go:47.58,47.76 1 0
processing/internal/infrastructure/storage/storage.go:49.32,51.16 2 0
processing/internal/infrastructure/storage/storage.go:51.16,54.3 2 0
processing/internal/infrastructure/storage/storage.go:55.2,56.12 2 0
processing/internal/infrastructure/storage/storage.go:59.34,61.16 2 0
processing/internal/infrastructure/storage/storage.go:61.16,64.3 2 0
processing/internal/infrastructure/storage/storage.go:65.2,66.12 2 0
processing/internal/infrastructure/storage/storage.go:74.63,76.2 1 0
processing/internal/infrastructure/storage/storage.go:79.76,81.16 2 0
processing/internal/infrastructure/storage/storage.go:81.16,84.3 2 0
processing/internal/infrastructure/storage/storage.go:85.2,92.8 2 0
processing/internal/infrastructure/storage/storage.go:96.77,101.120 4 0
processing/internal/infrastructure/storage/storage.go:101.120,103.54 2 0
processing/internal/infrastructure/storage/storage.go:103.54,105.4 1 0
processing/internal/infrastructure/storage/storage.go:106.3,107.68 2 0
processing/internal/infrastructure/storage/storage.go:109.2,110.12 2 0
processing/internal/infrastructure/storage/storage.go:114.91,120.16 6 0
processing/internal/infrastructure/storage/storage.go:120.16,121.36 1 0
processing/internal/infrastructure/storage/storage.go:121.36,124.4 2 0
processing/internal/infrastructure/storage/storage.go:125.3,126.94 2 0
processing/internal/infrastructure/storage/storage.go:128.2,129.16 2 0
processing/internal/infrastructure/storage/storage.go:133.94,139.16 6 0
processing/internal/infrastructure/storage/storage.go:139.16,140.36 1 0
processing/internal/infrastructure/storage/storage.go:140.36,143.4 2 0
processing/internal/infrastructure/storage/storage.go:144.3,145.97 2 0
processing/internal/infrastructure/storage/storage.go:147.2,148.16 2 0
processing/internal/infrastructure/storage/storage.go:152.99,161.16 5 0
processing/internal/infrastructure/storage/storage.go:161.16,164.3 2 0
processing/internal/infrastructure/storage/storage.go:166.2,167.16 2 0
processing/internal/infrastructure/storage/storage.go:167.16,170.3 2 0
processing/internal/infrastructure/storage/storage.go:171.2,171.15 1 0
processing/internal/infrastructure/storage/storage.go:171.15,173.3 1 0
processing/internal/infrastructure/storage/storage.go:175.2,176.12 2 0
processing/internal/infrastructure/storage/storage.go:180.101,185.16 5 0
processing/internal/infrastructure/storage/storage.go:185.16,188.3 2 0
processing/internal/infrastructure/storage/storage.go:190.2,191.16 2 0
processing/internal/infrastructure/storage/storage.go:191.16,194.3 2 0
processing/internal/infrastructure/storage/storage.go:196.2,196.15 1 0
processing/internal/infrastructure/storage/storage.go:196.15,198.3 1 0
processing/internal/infrastructure/storage/storage.go:200.2,201.12 2 0
processing/internal/infrastructure/storage/storage.go:205.81,213.48 4 0
processing/internal/infrastructure/storage/storage.go:213.48,216.3 2 0
processing/internal/infrastructure/storage/storage.go:217.2,218.12 2 0
processing/internal/infrastructure/storage/storage.go:222.115,229.105 4 0
processing/internal/infrastructure/storage/storage.go:229.105,232.3 2 0
processing/internal/infrastructure/storage/storage.go:233.2,234.12 2 0
processing/internal/infrastructure/storage/storage.go:237.100,252.16 6 0
processing/internal/infrastructure/storage/storage.go:252.16,253.36 1 0
processing/internal/infrastructure/storage/storage.go:253.36,255.4 1 0
processing/internal/infrastructure/storage/storage.go:255.9,257.4 1 0
processing/internal/infrastructure/storage/storage.go:258.3,258.108 1 0
processing/internal/infrastructure/storage/storage.go:260.2,261.25 2 0
processing/internal/infrastructure/storage/storage.go:265.118,269.17 3 0
processing/internal/infrastructure/storage/storage.go:269.17,272.3 2 0
processing/internal/infrastructure/storage/storage.go:273.2,276.16 3 0
processing/internal/infrastructure/storage/storage.go:276.16,279.3 2 0
processing/internal/infrastructure/storage/storage.go:280.2,283.18 3 0
processing/internal/infrastructure/storage/storage.go:283.18,293.17 3 0
processing/internal/infrastructure/storage/storage.go:293.17,296.4 2 0
processing/internal/infrastructure/storage/storage.go:297.3,297.41 1 0
processing/internal/infrastructure/storage/storage.go:300.2,300.34 1 0
processing/internal/infrastructure/storage/storage.go:300.34,303.3 2 0
processing/internal/infrastructure/storage/storage.go:305.2,306.26 2 0
processing/internal/infrastructure/storage/storage.go:309.88,314.78 4 0
processing/internal/infrastructure/storage/storage.go:314.78,316.3 1 0
processing/internal/infrastructure/storage/storage.go:318.2,318.19 1 0
processing/internal/infrastructure/storage/storage.go:321.113,326.16 4 0
processing/internal/infrastructure/storage/storage.go:326.16,329.3 2 0
processing/internal/infrastructure/storage/storage.go:331.2,332.16 2 0
processing/internal/infrastructure/storage/storage.go:332.16,335.3 2 0
processing/internal/infrastructure/storage/storage.go:337.2,337.15 1 0
processing/internal/infrastructure/storage/storage.go:337.15,340.3 2 0
processing/internal/infrastructure/storage/storage.go:342.2,343.12 2 0
processing/internal/infrastructure/storage/storage.go:346.100,352.16 5 0
processing/internal/infrastructure/storage/storage.go:352.16,353.36 1 0
processing/internal/infrastructure/storage/storage.go:353.36,356.4 2 0
processing/internal/infrastructure/storage/storage.go:357.3,358.77 2 0
processing/internal/infrastructure/storage/storage.go:361.2,362.21 2 0
processing/internal/infrastructure/storage/storage.go:365.77,370.16 4 0
processing/internal/infrastructure/storage/storage.go:370.16,373.3 2 0
processing/internal/infrastructure/storage/storage.go:375.2,376.16 2 0
processing/internal/infrastructure/storage/storage.go:376.16,379.3 2 0
processing/internal/infrastructure/storage/storage.go:381.2,381.15 1 0
processing/internal/infrastructure/storage/storage.go:381.15,384.3 2 0
processing/internal/infrastructure/storage/storage.go:386.2,387.12 2 0
processing/internal/infrastructure/storage/storage.go:390.84,395.16 4 0
processing/internal/infrastructure/storage/storage.go:395.16,398.3 2 0
processing/internal/infrastructure/storage/storage.go:400.2,401.16 2 0
processing/internal/infrastructure/storage/storage.go:401.16,404.3 2 0
processing/internal/infrastructure/storage/storage.go:406.2,407.12 2 0
processing/internal/infrastructure/cache/redis.go:51.53,56.2 2 1
processing/internal/infrastructure/cache/redis.go:60.96,62.16 2 1
processing/internal/infrastructure/cache/redis.go:62.16,64.3 1 0
processing/internal/infrastructure/cache/redis.go:66.2,66.10 1 1
processing/internal/infrastructure/cache/redis.go:66.10,68.3 1 1
processing/internal/infrastructure/cache/redis.go:69.2,69.12 1 1
processing/internal/infrastructure/cache/redis.go:74.74,75.74 1 1
processing/internal/infrastructure/cache/redis.go:75.74,78.3 2 1
processing/internal/infrastructure/cache/redis.go:80.2,80.74 1 1
processing/internal/infrastructure/cache/redis.go:80.74,83.3 2 1
processing/internal/infrastructure/cache/redis.go:85.2,85.77 1 1
processing/internal/infrastructure/cache/redis.go:85.77,88.3 2 0
processing/internal/infrastructure/cache/redis.go:90.2,90.12 1 1
processing/internal/infrastructure/cache/redis.go:93.121,100.16 6 1
processing/internal/infrastructure/cache/redis.go:100.16,102.3 1 0
processing/internal/infrastructure/cache/redis.go:104.2,105.9 2 1
processing/internal/infrastructure/cache/redis.go:105.9,107.3 1 0
processing/internal/infrastructure/cache/redis.go:109.2,109.18 1 1
processing/internal/infrastructure/cache/redis.go:109.18,111.3 1 1
processing/internal/infrastructure/cache/redis.go:113.2,113.12 1 1
